#0 building with "desktop-linux" instance using docker driver

#1 [internal] load build definition from Dockerfile
#1 transferring dockerfile: 587B done
#1 DONE 0.0s

#2 [internal] load metadata for docker.io/library/python:3.11-slim
#2 ...

#3 [auth] library/python:pull token for registry-1.docker.io
#3 DONE 0.0s

#2 [internal] load metadata for docker.io/library/python:3.11-slim
#2 DONE 1.5s

#4 [internal] load .dockerignore
#4 transferring context: 89B done
#4 DONE 0.0s

#5 [internal] load build context
#5 transferring context: 1.49kB done
#5 DONE 0.0s

#6 [1/5] FROM docker.io/library/python:3.11-slim@sha256:524557f6bd69c2bffe4a4c812be528141b2bf42bf90a1508a41c7d03b759fce3
#6 resolve docker.io/library/python:3.11-slim@sha256:524557f6bd69c2bffe4a4c812be528141b2bf42bf90a1508a41c7d03b759fce3 0.0s done
#6 DONE 0.0s

#7 [2/5] WORKDIR /app
#7 CACHED

#8 [3/5] COPY requirements.txt .
#8 DONE 0.0s

#9 [4/5] RUN pip install --no-cache-dir -r requirements.txt
#9 2.708 Collecting fastapi (from -r requirements.txt (line 1))
#9 3.070   Downloading fastapi-0.128.1-py3-none-any.whl.metadata (30 kB)
#9 3.421 Collecting uvicorn (from -r requirements.txt (line 2))
#9 3.480   Downloading uvicorn-0.40.0-py3-none-any.whl.metadata (6.7 kB)
#9 6.933 Collecting pandas (from -r requirements.txt (line 3))
#9 6.995   Downloading pandas-3.0.0-cp311-cp311-manylinux_2_24_aarch64.manylinux_2_28_aarch64.whl.metadata (79 kB)
#9 7.255      ━━━━━━━━━━━━━━━━━━━━━━━━━━━━━━━━━━━━━━━ 79.5/79.5 kB 286.1 kB/s eta 0:00:00
#9 9.150 Collecting scikit-learn (from -r requirements.txt (line 4))
#9 9.232   Downloading scikit_learn-1.8.0-cp311-cp311-manylinux_2_27_aarch64.manylinux_2_28_aarch64.whl.metadata (11 kB)
#9 9.346 Collecting joblib (from -r requirements.txt (line 5))
#9 9.408   Downloading joblib-1.5.3-py3-none-any.whl.metadata (5.5 kB)
#9 9.967 Collecting mysql-connector-python (from -r requirements.txt (line 6))
#9 10.02   Downloading mysql_connector_python-9.6.0-cp311-cp311-manylinux_2_28_aarch64.whl.metadata (11 kB)
#9 10.19 Collecting pika (from -r requirements.txt (line 7))
#9 10.28   Downloading pika-1.3.2-py3-none-any.whl.metadata (13 kB)
#9 10.57 Collecting starlette<0.51.0,>=0.40.0 (from fastapi->-r requirements.txt (line 1))
#9 10.65   Downloading starlette-0.50.0-py3-none-any.whl.metadata (6.3 kB)
#9 11.15 Collecting pydantic>=2.7.0 (from fastapi->-r requirements.txt (line 1))
#9 11.21   Downloading pydantic-2.12.5-py3-none-any.whl.metadata (90 kB)
#9 11.33      ━━━━━━━━━━━━━━━━━━━━━━━━━━━━━━━━━━━━━━━ 90.6/90.6 kB 699.0 kB/s eta 0:00:00
#9 11.47 Collecting typing-extensions>=4.8.0 (from fastapi->-r requirements.txt (line 1))
#9 11.55   Downloading typing_extensions-4.15.0-py3-none-any.whl.metadata (3.3 kB)
#9 11.64 Collecting annotated-doc>=0.0.2 (from fastapi->-r requirements.txt (line 1))
#9 11.70   Downloading annotated_doc-0.0.4-py3-none-any.whl.metadata (6.6 kB)
#9 11.83 Collecting click>=7.0 (from uvicorn->-r requirements.txt (line 2))
#9 11.92   Downloading click-8.3.1-py3-none-any.whl.metadata (2.6 kB)
#9 12.00 Collecting h11>=0.8 (from uvicorn->-r requirements.txt (line 2))
#9 12.06   Downloading h11-0.16.0-py3-none-any.whl.metadata (8.3 kB)
#9 14.36 Collecting numpy>=1.26.0 (from pandas->-r requirements.txt (line 3))
#9 14.44   Downloading numpy-2.4.2-cp311-cp311-manylinux_2_27_aarch64.manylinux_2_28_aarch64.whl.metadata (6.6 kB)
#9 14.53 Collecting python-dateutil>=2.8.2 (from pandas->-r requirements.txt (line 3))
#9 14.62   Downloading python_dateutil-2.9.0.post0-py2.py3-none-any.whl.metadata (8.4 kB)
#9 15.24 Collecting scipy>=1.10.0 (from scikit-learn->-r requirements.txt (line 4))
#9 15.29   Downloading scipy-1.17.0-cp311-cp311-manylinux_2_27_aarch64.manylinux_2_28_aarch64.whl.metadata (62 kB)
#9 15.33      ━━━━━━━━━━━━━━━━━━━━━━━━━━━━━━━━━━━━━━━━ 62.1/62.1 kB 2.4 MB/s eta 0:00:00
#9 15.40 Collecting threadpoolctl>=3.2.0 (from scikit-learn->-r requirements.txt (line 4))
#9 15.46   Downloading threadpoolctl-3.6.0-py3-none-any.whl.metadata (13 kB)
#9 15.55 Collecting annotated-types>=0.6.0 (from pydantic>=2.7.0->fastapi->-r requirements.txt (line 1))
#9 15.61   Downloading annotated_types-0.7.0-py3-none-any.whl.metadata (15 kB)
#9 19.15 Collecting pydantic-core==2.41.5 (from pydantic>=2.7.0->fastapi->-r requirements.txt (line 1))
#9 19.21   Downloading pydantic_core-2.41.5-cp311-cp311-manylinux_2_17_aarch64.manylinux2014_aarch64.whl.metadata (7.3 kB)
#9 19.29 Collecting typing-inspection>=0.4.2 (from pydantic>=2.7.0->fastapi->-r requirements.txt (line 1))
#9 19.35   Downloading typing_inspection-0.4.2-py3-none-any.whl.metadata (2.6 kB)
#9 19.43 Collecting six>=1.5 (from python-dateutil>=2.8.2->pandas->-r requirements.txt (line 3))
#9 19.49   Downloading six-1.17.0-py2.py3-none-any.whl.metadata (1.7 kB)
#9 19.64 Collecting anyio<5,>=3.6.2 (from starlette<0.51.0,>=0.40.0->fastapi->-r requirements.txt (line 1))
#9 19.72   Downloading anyio-4.12.1-py3-none-any.whl.metadata (4.3 kB)
#9 19.81 Collecting idna>=2.8 (from anyio<5,>=3.6.2->starlette<0.51.0,>=0.40.0->fastapi->-r requirements.txt (line 1))
#9 19.87   Downloading idna-3.11-py3-none-any.whl.metadata (8.4 kB)
#9 19.95 Downloading fastapi-0.128.1-py3-none-any.whl (103 kB)
#9 20.04    ━━━━━━━━━━━━━━━━━━━━━━━━━━━━━━━━━━━━━━━━ 103.8/103.8 kB 1.2 MB/s eta 0:00:00
#9 20.09 Downloading uvicorn-0.40.0-py3-none-any.whl (68 kB)
#9 20.33    ━━━━━━━━━━━━━━━━━━━━━━━━━━━━━━━━━━━━━━━━ 68.5/68.5 kB 266.3 kB/s eta 0:00:00
#9 20.39 Downloading pandas-3.0.0-cp311-cp311-manylinux_2_24_aarch64.manylinux_2_28_aarch64.whl (10.7 MB)
#9 46.63    ━━━━━━━━━━━━━━━━━━━━━━━━━━━━━━━━━━━━━━━━ 10.7/10.7 MB 396.0 kB/s eta 0:00:00
#9 46.73 Downloading scikit_learn-1.8.0-cp311-cp311-manylinux_2_27_aarch64.manylinux_2_28_aarch64.whl (8.8 MB)
#9 76.23    ━━━━━━━━━━━━━━━━━━━━━━━━━━━━━━━━━━━━━━━━ 8.8/8.8 MB 298.1 kB/s eta 0:00:00
#9 76.31 Downloading joblib-1.5.3-py3-none-any.whl (309 kB)
#9 77.86    ━━━━━━━━━━━━━━━━━━━━━━━━━━━━━━━━━━━━━━━ 309.1/309.1 kB 207.8 kB/s eta 0:00:00
#9 77.98 Downloading mysql_connector_python-9.6.0-cp311-cp311-manylinux_2_28_aarch64.whl (34.2 MB)
#9 213.1    ━━━━━━━━━━━━━━━━━━━━━━━━━━━━━━━━━━━━━━━━ 34.2/34.2 MB 212.8 kB/s eta 0:00:00
#9 213.2 Downloading pika-1.3.2-py3-none-any.whl (155 kB)
#9 213.6    ━━━━━━━━━━━━━━━━━━━━━━━━━━━━━━━━━━━━━━━ 155.4/155.4 kB 519.5 kB/s eta 0:00:00
#9 213.6 Downloading annotated_doc-0.0.4-py3-none-any.whl (5.3 kB)
#9 213.7 Downloading click-8.3.1-py3-none-any.whl (108 kB)
#9 214.0    ━━━━━━━━━━━━━━━━━━━━━━━━━━━━━━━━━━━━━━━ 108.3/108.3 kB 395.0 kB/s eta 0:00:00
#9 214.1 Downloading h11-0.16.0-py3-none-any.whl (37 kB)
#9 214.2 Downloading numpy-2.4.2-cp311-cp311-manylinux_2_27_aarch64.manylinux_2_28_aarch64.whl (16.0 MB)
#9 296.9    ━━━━━━━━━━━━━━━━━━━━━━━━━━━━━━━━━━━━━━━━ 16.0/16.0 MB 277.0 kB/s eta 0:00:00
#9 297.0 Downloading pydantic-2.12.5-py3-none-any.whl (463 kB)
#9 299.5    ━━━━━━━━━━━━━━━━━━━━━━━━━━━━━━━━━━━━━━━ 463.6/463.6 kB 184.3 kB/s eta 0:00:00
#9 299.6 Downloading pydantic_core-2.41.5-cp311-cp311-manylinux_2_17_aarch64.manylinux2014_aarch64.whl (1.9 MB)
#9 303.6    ━━━━━━━━━━━━━━━━━━━━━━━━━━━━━━━━━━━━━━━━ 1.9/1.9 MB 477.4 kB/s eta 0:00:00
#9 303.7 Downloading python_dateutil-2.9.0.post0-py2.py3-none-any.whl (229 kB)
#9 304.1    ━━━━━━━━━━━━━━━━━━━━━━━━━━━━━━━━━━━━━━━ 229.9/229.9 kB 671.6 kB/s eta 0:00:00
#9 304.1 Downloading scipy-1.17.0-cp311-cp311-manylinux_2_27_aarch64.manylinux_2_28_aarch64.whl (32.9 MB)
#9 408.6    ━━━━━━━━━━━━━━━━━━━━━━━━━━━━━━━━━━━━━━━━ 32.9/32.9 MB 364.9 kB/s eta 0:00:00
#9 408.6 Downloading starlette-0.50.0-py3-none-any.whl (74 kB)
#9 408.8    ━━━━━━━━━━━━━━━━━━━━━━━━━━━━━━━━━━━━━━━━ 74.0/74.0 kB 422.1 kB/s eta 0:00:00
#9 408.9 Downloading threadpoolctl-3.6.0-py3-none-any.whl (18 kB)
#9 409.0 Downloading typing_extensions-4.15.0-py3-none-any.whl (44 kB)
#9 409.2    ━━━━━━━━━━━━━━━━━━━━━━━━━━━━━━━━━━━━━━━━ 44.6/44.6 kB 407.7 kB/s eta 0:00:00
#9 409.2 Downloading annotated_types-0.7.0-py3-none-any.whl (13 kB)
#9 409.3 Downloading anyio-4.12.1-py3-none-any.whl (113 kB)
#9 409.5    ━━━━━━━━━━━━━━━━━━━━━━━━━━━━━━━━━━━━━━━ 113.6/113.6 kB 501.1 kB/s eta 0:00:00
#9 409.6 Downloading six-1.17.0-py2.py3-none-any.whl (11 kB)
#9 409.7 Downloading typing_inspection-0.4.2-py3-none-any.whl (14 kB)
#9 409.7 Downloading idna-3.11-py3-none-any.whl (71 kB)
#9 409.9    ━━━━━━━━━━━━━━━━━━━━━━━━━━━━━━━━━━━━━━━━ 71.0/71.0 kB 693.0 kB/s eta 0:00:00
#9 410.1 Installing collected packages: typing-extensions, threadpoolctl, six, pika, numpy, mysql-connector-python, joblib, idna, h11, click, annotated-types, annotated-doc, uvicorn, typing-inspection, scipy, python-dateutil, pydantic-core, anyio, starlette, scikit-learn, pydantic, pandas, fastapi
#9 417.3 Successfully installed annotated-doc-0.0.4 annotated-types-0.7.0 anyio-4.12.1 click-8.3.1 fastapi-0.128.1 h11-0.16.0 idna-3.11 joblib-1.5.3 mysql-connector-python-9.6.0 numpy-2.4.2 pandas-3.0.0 pika-1.3.2 pydantic-2.12.5 pydantic-core-2.41.5 python-dateutil-2.9.0.post0 scikit-learn-1.8.0 scipy-1.17.0 six-1.17.0 starlette-0.50.0 threadpoolctl-3.6.0 typing-extensions-4.15.0 typing-inspection-0.4.2 uvicorn-0.40.0
#9 417.3 WARNING: Running pip as the 'root' user can result in broken permissions and conflicting behaviour with the system package manager. It is recommended to use a virtual environment instead: https://pip.pypa.io/warnings/venv
#9 417.6 
#9 417.6 [notice] A new release of pip is available: 24.0 -> 26.0
#9 417.6 [notice] To update, run: pip install --upgrade pip
#9 DONE 418.7s

#10 [5/5] COPY service ./service
#10 DONE 0.1s

#11 exporting to image
#11 exporting layers
#11 exporting layers 9.0s done
#11 exporting manifest sha256:7bd4a770903c27e87cd80bf6240dac3c22b9682716a5129ba992656fcc1f0b2c
#11 exporting manifest sha256:7bd4a770903c27e87cd80bf6240dac3c22b9682716a5129ba992656fcc1f0b2c done
#11 exporting config sha256:7a32ffa64911c03f50d940721330d4c608df14c5cfbbd1f1b5ce301ea5085429 done
#11 exporting attestation manifest sha256:0cb02d4718a35a399bfa372c69d1d8679158fa80a5b1969b03d13569d357ca5c done
#11 exporting manifest list sha256:b7393a582d2104a4ebc4dd8a13fa0e49a9aaf3dccee6d36db7fe22e4249f6ff0 done
#11 naming to docker.io/library/ai-service-ai-service:latest done
#11 unpacking to docker.io/library/ai-service-ai-service:latest
#11 unpacking to docker.io/library/ai-service-ai-service:latest 1.7s done
#11 DONE 10.8s
